[    0.000000] Linux version 4.15.0-64-generic (buildd@lgw01-amd64-038) (gcc version 7.4.0 (Ubuntu 7.4.0-1ubuntu1~18.04.1)) #73-Ubuntu SMP Thu Sep 12 13:16:13 UTC 2019 (Ubuntu 4.15.0-64.73-generic 4.15.18)
[    0.000000] Command line: BOOT_IMAGE=/boot/vmlinuz-4.15.0-64-generic root=UUID=989d335b-a7e2-42bd-a730-e41c8cd55b5a ro console=tty1 console=ttyS0
[    0.000000] KERNEL supported cpus:
[    0.000000]   Intel GenuineIntel
[    0.000000]   AMD AuthenticAMD
[    0.000000]   Centaur CentaurHauls
[    0.000000] x86/fpu: Supporting XSAVE feature 0x001: 'x87 floating point registers'
[    0.000000] x86/fpu: Supporting XSAVE feature 0x002: 'SSE registers'
[    0.000000] x86/fpu: Supporting XSAVE feature 0x004: 'AVX registers'
[    0.000000] x86/fpu: xstate_offset[2]:  576, xstate_sizes[2]:  256
[    0.000000] x86/fpu: Enabled xstate features 0x7, context size is 832 bytes, using 'standard' format.
[    0.000000] e820: BIOS-provided physical RAM map:
[    0.000000] BIOS-e820: [mem 0x0000000000000000-0x000000000009fbff] usable
[    0.000000] BIOS-e820: [mem 0x000000000009fc00-0x000000000009ffff] reserved
[    0.000000] BIOS-e820: [mem 0x00000000000f0000-0x00000000000fffff] reserved
[    0.000000] BIOS-e820: [mem 0x0000000000100000-0x000000003ffeffff] usable
[    0.000000] BIOS-e820: [mem 0x000000003fff0000-0x000000003fffffff] ACPI data
[    0.000000] BIOS-e820: [mem 0x00000000fec00000-0x00000000fec00fff] reserved
[    0.000000] BIOS-e820: [mem 0x00000000fee00000-0x00000000fee00fff] reserved
[    0.000000] BIOS-e820: [mem 0x00000000fffc0000-0x00000000ffffffff] reserved
[    0.000000] NX (Execute Disable) protection: active
[    0.000000] SMBIOS 2.5 present.
[    0.000000] DMI: innotek GmbH VirtualBox/VirtualBox, BIOS VirtualBox 12/01/2006
[    0.000000] Hypervisor detected: KVM
[    0.000000] e820: last_pfn = 0x3fff0 max_arch_pfn = 0x400000000
[    0.000000] MTRR: Disabled
[    0.000000] x86/PAT: MTRRs disabled, skipping PAT initialization too.
[    0.000000] CPU MTRRs all blank - virtualized system.
[    0.000000] x86/PAT: Configuration [0-7]: WB  WT  UC- UC  WB  WT  UC- UC  
[    0.000000] found SMP MP-table at [mem 0x0009fff0-0x0009ffff]
[    0.000000] Scanning 1 areas for low memory corruption
[    0.000000] RAMDISK: [mem 0x35981000-0x36cb7fff]
[    0.000000] ACPI: Early table checksum verification disabled
[    0.000000] ACPI: RSDP 0x00000000000E0000 000024 (v02 VBOX  )
[    0.000000] ACPI: XSDT 0x000000003FFF0030 00003C (v01 VBOX   VBOXXSDT 00000001 ASL  00000061)
[    0.000000] ACPI: FACP 0x000000003FFF00F0 0000F4 (v04 VBOX   VBOXFACP 00000001 ASL  00000061)
[    0.000000] ACPI: DSDT 0x000000003FFF0470 0021FF (v02 VBOX   VBOXBIOS 00000002 INTL 20100528)
[    0.000000] ACPI: FACS 0x000000003FFF0200 000040
[    0.000000] ACPI: FACS 0x000000003FFF0200 000040
[    0.000000] ACPI: APIC 0x000000003FFF0240 00005C (v02 VBOX   VBOXAPIC 00000001 ASL  00000061)
[    0.000000] ACPI: SSDT 0x000000003FFF02A0 0001CC (v01 VBOX   VBOXCPUT 00000002 INTL 20100528)
[    0.000000] No NUMA configuration found
[    0.000000] Faking a node at [mem 0x0000000000000000-0x000000003ffeffff]
[    0.000000] NODE_DATA(0) allocated [mem 0x3ffc5000-0x3ffeffff]
[    0.000000] kvm-clock: cpu 0, msr 0:3ff44001, primary cpu clock
[    0.000000] kvm-clock: Using msrs 4b564d01 and 4b564d00
[    0.000000] kvm-clock: using sched offset of 5441210808 cycles
[    0.000000] clocksource: kvm-clock: mask: 0xffffffffffffffff max_cycles: 0x1cd42e4dffb, max_idle_ns: 881590591483 ns
[    0.000000] Zone ranges:
[    0.000000]   DMA      [mem 0x0000000000001000-0x0000000000ffffff]
[    0.000000]   DMA32    [mem 0x0000000001000000-0x000000003ffeffff]
[    0.000000]   Normal   empty
[    0.000000]   Device   empty
[    0.000000] Movable zone start for each node
[    0.000000] Early memory node ranges
[    0.000000]   node   0: [mem 0x0000000000001000-0x000000000009efff]
[    0.000000]   node   0: [mem 0x0000000000100000-0x000000003ffeffff]
[    0.000000] Reserved but unavailable: 98 pages
[    0.000000] Initmem setup node 0 [mem 0x0000000000001000-0x000000003ffeffff]
[    0.000000] ACPI: PM-Timer IO Port: 0x4008
[    0.000000] IOAPIC[0]: apic_id 2, version 32, address 0xfec00000, GSI 0-23
[    0.000000] ACPI: INT_SRC_OVR (bus 0 bus_irq 0 global_irq 2 dfl dfl)
[    0.000000] ACPI: INT_SRC_OVR (bus 0 bus_irq 9 global_irq 9 low level)
[    0.000000] Using ACPI (MADT) for SMP configuration information
[    0.000000] smpboot: Allowing 2 CPUs, 0 hotplug CPUs
[    0.000000] PM: Registered nosave memory: [mem 0x00000000-0x00000fff]
[    0.000000] PM: Registered nosave memory: [mem 0x0009f000-0x0009ffff]
[    0.000000] PM: Registered nosave memory: [mem 0x000a0000-0x000effff]
[    0.000000] PM: Registered nosave memory: [mem 0x000f0000-0x000fffff]
[    0.000000] e820: [mem 0x40000000-0xfebfffff] available for PCI devices
[    0.000000] Booting paravirtualized kernel on KVM
[    0.000000] clocksource: refined-jiffies: mask: 0xffffffff max_cycles: 0xffffffff, max_idle_ns: 7645519600211568 ns
[    0.000000] random: get_random_bytes called from start_kernel+0x99/0x4fd with crng_init=0
[    0.000000] setup_percpu: NR_CPUS:8192 nr_cpumask_bits:2 nr_cpu_ids:2 nr_node_ids:1
[    0.000000] percpu: Embedded 46 pages/cpu s151552 r8192 d28672 u1048576
[    0.000000] PV qspinlock hash table entries: 256 (order: 0, 4096 bytes)
[    0.000000] Built 1 zonelists, mobility grouping on.  Total pages: 257913
[    0.000000] Policy zone: DMA32
[    0.000000] Kernel command line: BOOT_IMAGE=/boot/vmlinuz-4.15.0-64-generic root=UUID=989d335b-a7e2-42bd-a730-e41c8cd55b5a ro console=tty1 console=ttyS0
[    0.000000] Memory: 982908K/1048120K available (12300K kernel code, 2481K rwdata, 4172K rodata, 2436K init, 2384K bss, 65212K reserved, 0K cma-reserved)
[    0.000000] SLUB: HWalign=64, Order=0-3, MinObjects=0, CPUs=2, Nodes=1
[    0.000000] Kernel/User page tables isolation: enabled
[    0.000000] ftrace: allocating 39306 entries in 154 pages
[    0.004000] Hierarchical RCU implementation.
[    0.004000] 	RCU restricting CPUs from NR_CPUS=8192 to nr_cpu_ids=2.
[    0.004000] 	Tasks RCU enabled.
[    0.004000] RCU: Adjusting geometry for rcu_fanout_leaf=16, nr_cpu_ids=2
[    0.004000] NR_IRQS: 524544, nr_irqs: 440, preallocated irqs: 16
[    0.004000] Console: colour VGA+ 80x25
[    0.004000] console [tty1] enabled
[    0.004000] console [ttyS0] enabled
[    0.004000] ACPI: Core revision 20170831
[    0.004000] ACPI: 2 ACPI AML tables successfully acquired and loaded
[    0.004000] APIC: Switch to symmetric I/O mode setup
[    0.004000] x2apic enabled
[    0.004009] Switched APIC routing to physical x2apic.
[    0.008000] ..TIMER: vector=0x30 apic1=0 pin1=2 apic2=-1 pin2=-1
[    0.008004] tsc: Detected 2593.996 MHz processor
[    0.010037] Calibrating delay loop (skipped) preset value.. 5187.99 BogoMIPS (lpj=10375984)
[    0.012007] pid_max: default: 32768 minimum: 301
[    0.016078] Security Framework initialized
[    0.018007] Yama: becoming mindful.
[    0.020049] AppArmor: AppArmor initialized
[    0.024085] Dentry cache hash table entries: 131072 (order: 8, 1048576 bytes)
[    0.028146] Inode-cache hash table entries: 65536 (order: 7, 524288 bytes)
[    0.032032] Mount-cache hash table entries: 2048 (order: 2, 16384 bytes)
[    0.036016] Mountpoint-cache hash table entries: 2048 (order: 2, 16384 bytes)
[    0.039541] Last level iTLB entries: 4KB 64, 2MB 8, 4MB 8
[    0.040007] Last level dTLB entries: 4KB 64, 2MB 0, 4MB 0, 1GB 4
[    0.044006] Spectre V1 : Mitigation: usercopy/swapgs barriers and __user pointer sanitization
[    0.048008] Spectre V2 : Mitigation: Full generic retpoline
[    0.050448] Spectre V2 : Spectre v2 / SpectreRSB mitigation: Filling RSB on context switch
[    0.052007] Speculative Store Bypass: Vulnerable
[    0.056063] MDS: Vulnerable: Clear CPU buffers attempted, no microcode
[    0.060046] Freeing SMP alternatives memory: 36K
[    0.068000] smpboot: CPU0: Intel(R) Core(TM) i7-5600U CPU @ 2.60GHz (family: 0x6, model: 0x3d, stepping: 0x4)
[    0.068133] Performance Events: unsupported p6 CPU model 61 no PMU driver, software events only.
[    0.072054] Hierarchical SRCU implementation.
[    0.076796] NMI watchdog: Perf event create on CPU 0 failed with -2
[    0.078958] NMI watchdog: Perf NMI watchdog permanently disabled
[    0.080079] smp: Bringing up secondary CPUs ...
[    0.084164] x86: Booting SMP configuration:
[    0.085687] .... node  #0, CPUs:      #1
[    0.004000] kvm-clock: cpu 1, msr 0:3ff44041, secondary cpu clock
[    0.091672] smp: Brought up 1 node, 2 CPUs
[    0.092007] smpboot: Max logical packages: 1
[    0.096005] smpboot: Total of 2 processors activated (10375.98 BogoMIPS)
[    0.100249] devtmpfs: initialized
[    0.104112] x86/mm: Memory block size: 128MB
[    0.108455] evm: security.selinux
[    0.112004] evm: security.SMACK64
[    0.116003] evm: security.SMACK64EXEC
[    0.120002] evm: security.SMACK64TRANSMUTE
[    0.121643] evm: security.SMACK64MMAP
[    0.124002] evm: security.apparmor
[    0.128002] evm: security.ima
[    0.132004] evm: security.capability
[    0.136058] clocksource: jiffies: mask: 0xffffffff max_cycles: 0xffffffff, max_idle_ns: 7645041785100000 ns
[    0.140000] futex hash table entries: 512 (order: 3, 32768 bytes)
[    0.144005] pinctrl core: initialized pinctrl subsystem
[    0.148195] RTC time: 21:18:30, date: 09/21/19
[    0.149991] NET: Registered protocol family 16
[    0.152248] audit: initializing netlink subsys (disabled)
[    0.154158] audit: type=2000 audit(1569100715.006:1): state=initialized audit_enabled=0 res=1
[    0.160011] cpuidle: using governor ladder
[    0.161501] cpuidle: using governor menu
[    0.163118] ACPI: bus type PCI registered
[    0.164005] acpiphp: ACPI Hot Plug PCI Controller Driver version: 0.5
[    0.168168] PCI: Using configuration type 1 for base access
[    0.177071] HugeTLB registered 2.00 MiB page size, pre-allocated 0 pages
[    0.180229] ACPI: Added _OSI(Module Device)
[    0.181797] ACPI: Added _OSI(Processor Device)
[    0.183350] ACPI: Added _OSI(3.0 _SCP Extensions)
[    0.184011] ACPI: Added _OSI(Processor Aggregator Device)
[    0.185852] ACPI: Added _OSI(Linux-Dell-Video)
[    0.188010] ACPI: Added _OSI(Linux-Lenovo-NV-HDMI-Audio)
[    0.189819] ACPI: Added _OSI(Linux-HPI-Hybrid-Graphics)
[    0.192502] ACPI: Executed 1 blocks of module-level executable AML code
[    0.211130] ACPI: Interpreter enabled
[    0.212030] ACPI: (supports S0 S5)
[    0.216004] ACPI: Using IOAPIC for interrupt routing
[    0.220836] PCI: Using host bridge windows from ACPI; if necessary, use "pci=nocrs" and report a bug
[    0.224449] ACPI: Enabled 2 GPEs in block 00 to 07
[    0.250040] ACPI: PCI Root Bridge [PCI0] (domain 0000 [bus 00-ff])
[    0.252011] acpi PNP0A03:00: _OSC: OS supports [ASPM ClockPM Segments MSI]
[    0.256059] acpi PNP0A03:00: _OSC: not requesting OS control; OS requires [ExtendedConfig ASPM ClockPM MSI]
[    0.260026] acpi PNP0A03:00: fail to add MMCONFIG information, can't access extended PCI configuration space under this bridge.
[    0.268696] PCI host bridge to bus 0000:00
[    0.270202] pci_bus 0000:00: root bus resource [io  0x0000-0x0cf7 window]
[    0.272005] pci_bus 0000:00: root bus resource [io  0x0d00-0xffff window]
[    0.274303] pci_bus 0000:00: root bus resource [mem 0x000a0000-0x000bffff window]
[    0.276005] pci_bus 0000:00: root bus resource [mem 0x40000000-0xfdffffff window]
[    0.280005] pci_bus 0000:00: root bus resource [bus 00-ff]
[    0.286116] pci 0000:00:01.1: legacy IDE quirk: reg 0x10: [io  0x01f0-0x01f7]
[    0.288005] pci 0000:00:01.1: legacy IDE quirk: reg 0x14: [io  0x03f6]
[    0.292006] pci 0000:00:01.1: legacy IDE quirk: reg 0x18: [io  0x0170-0x0177]
[    0.296005] pci 0000:00:01.1: legacy IDE quirk: reg 0x1c: [io  0x0376]
[    0.322342] pci 0000:00:07.0: quirk: [io  0x4000-0x403f] claimed by PIIX4 ACPI
[    0.324025] pci 0000:00:07.0: quirk: [io  0x4100-0x410f] claimed by PIIX4 SMB
[    0.345134] ACPI: PCI Interrupt Link [LNKA] (IRQs 5 9 10 *11)
[    0.348556] ACPI: PCI Interrupt Link [LNKB] (IRQs 5 9 *10 11)
[    0.350847] ACPI: PCI Interrupt Link [LNKC] (IRQs 5 *9 10 11)
[    0.356290] ACPI: PCI Interrupt Link [LNKD] (IRQs 5 9 10 *11)
[    0.361005] SCSI subsystem initialized
[    0.364089] pci 0000:00:02.0: vgaarb: setting as boot VGA device
[    0.366127] pci 0000:00:02.0: vgaarb: VGA device added: decodes=io+mem,owns=io+mem,locks=none
[    0.368007] pci 0000:00:02.0: vgaarb: bridge control possible
[    0.372003] vgaarb: loaded
[    0.373169] ACPI: bus type USB registered
[    0.374640] usbcore: registered new interface driver usbfs
[    0.376018] usbcore: registered new interface driver hub
[    0.377907] usbcore: registered new device driver usb
[    0.380098] EDAC MC: Ver: 3.0.0
[    0.388349] PCI: Using ACPI for IRQ routing
[    0.392478] NetLabel: Initializing
[    0.396006] NetLabel:  domain hash size = 128
[    0.400003] NetLabel:  protocols = UNLABELED CIPSOv4 CALIPSO
[    0.404037] NetLabel:  unlabeled traffic allowed by default
[    0.408227] clocksource: Switched to clocksource kvm-clock
[    0.457632] VFS: Disk quotas dquot_6.6.0
[    0.460503] VFS: Dquot-cache hash table entries: 512 (order 0, 4096 bytes)
[    0.463013] AppArmor: AppArmor Filesystem Enabled
[    0.464746] pnp: PnP ACPI init
[    0.468550] pnp: PnP ACPI: found 3 devices
[    0.482934] clocksource: acpi_pm: mask: 0xffffff max_cycles: 0xffffff, max_idle_ns: 2085701024 ns
[    0.486218] NET: Registered protocol family 2
[    0.492144] TCP established hash table entries: 8192 (order: 4, 65536 bytes)
[    0.494567] TCP bind hash table entries: 8192 (order: 5, 131072 bytes)
[    0.496798] TCP: Hash tables configured (established 8192 bind 8192)
[    0.498948] UDP hash table entries: 512 (order: 2, 16384 bytes)
[    0.501068] UDP-Lite hash table entries: 512 (order: 2, 16384 bytes)
[    0.503253] NET: Registered protocol family 1
[   0.504961] pci 0000:00:00.0: Limitin drect PCI/PCI transfers
[    0.609863] pci 0000:00:01.0: Activating ISA DMA hang workarounds
[    0.612194] pci 0000:00:02.0: Video device with shadowed ROM at [mem 0x000c0000-0x000dffff]
[   0.61627] Unpacking initramfs...

[    1.413119] Freeing initrd memory: 19676K
[    1.449418] clocksource: tsc: mask: 0xffffffffffffffff max_cycles: 0x2564143601c, max_idle_ns: 440795231101 ns
[    1.466936] platform rtc_cmos: registered platform RTC device (no PNP device found)
[    1.472519] Scanning for low memory corruption every 60 seconds
[    1.475693] Initialise system trusted keyrings
[    1.477469] Key type blacklist registered
[    1.479063] workingset: timestamp_bits=36 max_order=18 bucket_order=0
[    1.484193] zbud: loaded
[    1.486303] squashfs: version 4.0 (2009/01/31) Phillip Lougher
[    1.488682] fuse init (API version 7.26)
[    1.494647] Key type asymmetric registered
[    1.496157] Asymmetric key parser 'x509' registered
[    1.497976] Block layer SCSI generic (bsg) driver version 0.4 loaded (major 246)
[    1.500715] io scheduler noop registered
[    1.502175] io scheduler deadline registered
[    1.503783] io scheduler cfq registered (default)
[    1.509848] ACPI: AC Adapter [AC] (on-line)
[    1.511585] input: Power Button as /devices/LNXSYSTM:00/LNXPWRBN:00/input/input0
[    1.514544] ACPI: Power Button [PWRF]
[    1.518170] input: Sleep Button as /devices/LNXSYSTM:00/LNXSLPBN:00/input/input1
[    1.527716] ACPI: Sleep Button [SLPF]
[    1.531688] Serial: 8250/16550 driver, 32 ports, IRQ sharing enabled
[    1.533690] ACPI: ater Sot [BAT] (attery present)

[    1.780704] 00:02: ttyS0 at I/O 0x3f8 (irq = 4, base_baud = 115200) is a 16550A
[    1.786991] Linux agpgart interface v0.103
[    1.791317] loop: module loaded
[    1.793691] scsi host0: ata_piix
[    1.795256] scsi host1: ata_piix
[    1.796600] ata1: PATA max UDMA/33 cmd 0x1f0 ctl 0x3f6 bmdma 0xd000 irq 14
[    1.799026] ata2: PATA max UDMA/33 cmd 0x170 ctl 0x376 bmdma 0xd008 irq 15
[    1.804672] libphy: Fixed MDIO Bus: probed
[    1.806544] tun: Universal TUN/TAP device driver, 1.6
[    1.811507] PPP generic driver version 2.4.2
[    1.824374] ehci_hcd: USB 2.0 'Enhanced' Host Controller (EHCI) Driver
[    1.836869] ehci-pci: EHCI PCI platform driver
[    1.839052] ehci-platform: EHCI generic platform driver
[    1.856366] ohci_hcd: USB 1.1 'Open' Host Controller (OHCI) Driver
[    1.865995] ohci-pci: OHCI PCI platform driver
[    1.869478] ohci-platform: OHCI generic platform driver
[    1.899647] uhci_hcd: USB Universal Host Controller Interface driver
[    1.902642] i8042: PNP: PS/2 Controller [PNP0303:PS2K,PNP0f03:PS2M] at 0x60,0x64 irq 1,12
[    1.907123] serio: i8042 KBD port at 0x60,0x64 irq 1
[    1.909469] serio: i8042 AUX port at 0x60,0x64 irq 12
[    1.911873] mousedev: PS/2 mouse device common for all mice
[    1.914821] input: AT Translated Set 2 keyboard as /devices/platform/i8042/serio0/input/input2
[    1.919250] rtc_cmos rtc_cmos: rtc core: registered rtc_cmos as rtc0
[    1.922160] rtc_cmos rtc_cmos: alarms up to one day, 114 bytes nvram
[    1.924928] i2c /dev entries driver
[    1.926710] device-mapper: uevent: version 1.0.3
[    1.929062] device-mapper: ioctl: 4.37.0-ioctl (2017-09-20) initialised: dm-devel@redhat.com
[    1.932903] ledtrig-cpu: registered to indicate activity on CPUs
[    1.936535] NET: Registered protocol family 10
[    1.945463] Segment Routing with IPv6
[    1.947413] NET: Registered protocol family 17
[    1.949548] Key type dns_resolver registered
[    1.951980] mce: Using 0 MCE banks
[    1.953677] RAS: Correctable Errors collector initialized.
[    1.956120] sched_clock: Marking stable (1953646740, 0)->(4815599926, -2861953186)
[    1.960740] registered taskstats version 1
[    1.962730] Loading compiled-in X.509 certificates
[    1.969801] Loaded X.509 cert 'Build time autogenerated kernel key: 9ff85db0b1f72c0c954e4d2eaca5a9366845820b'
[    1.974498] zswap: loaded using pool lzo/zbud
[    1.983574] Key type big_key registered
[    1.985522] Key type trusted registered
[    1.990665] Key type encrypted registered
[    1.992674] AppArmor: AppArmor sha1 policy hashing enabled
[    1.995127] ima: No TPM chip found, activating TPM-bypass! (rc=-19)
[    1.997951] ima: Allocated hash algorithm: sha1
[    2.000236] evm: HMAC attrs: 0x1
[    2.002218]   Magic number: 3:98:349
[    2.004211] rtc_cmos rtc_cmos: setting system clock to 2019-09-21 21:18:32 UTC (1569100712)
[    2.008495] BIOS EDD facility v0.16 2004-Jun-25, 0 devices found
[    2.013830] EDD information not available.
[    2.031137] Freeing unused kernel image memory: 2436K
[    2.052248] Write protecting the kernel read-only data: 20480k
[    2.055614] Freeing unused kernel image memory: 2008K
[    2.058056] Freeing unused kernel image memory: 1972K
[    2.093759] x86/mm: Checked W+X mappings: passed, no W+X pages found.
[    2.495072] x86/mm: Checking user space page tables
[    2.563002] x86/mm: Checked W+X mappings: passed, no W+X pages found.
Loading, please wait...
starting version 237
[    2.738627] Fusion MPT base driver 3.04.20
[    2.740581] Copyright (c) 1999-2008 LSI Corporation
[    2.754693] e1000: Intel(R) PRO/1000 Network Driver - version 7.3.21-k8-NAPI
[    2.757900] e1000: Copyright (c) 1999-2006 Intel Corporation.
[    2.774985] Fusion MPT SPI Host driver 3.04.20
[    2.785616] mptbase: ioc0: Initiating bringup
[    2.799762] AVX2 version of gcm_enc/dec engaged.
[    2.801958] AES CTR mode by8 optimization enabled
[    3.615911] input: ImExPS/2 Generic Explorer Mouse as /devices/platform/i8042/serio1/input/input4
[    4.728634] ioc0: LSI53C1030 A0: Capabilities={Initiator}
[    4.975665] scsi host2: ioc0: LSI53C1030 A0, FwRev=00000000h, Ports=1, MaxQ=256, IRQ=20
[    5.149296] scsi 2:0:0:0: Direct-Access     VBOX     HARDDISK         1.0  PQ: 0 ANSI: 5
[    5.192128] scsi target2:0:0: Beginning Domain Validation
[    5.197012] scsi target2:0:0: Domain Validation skipping write tests
[    5.199834] scsi target2:0:0: Ending Domain Validation
[    5.202305] scsi target2:0:0: asynchronous
[    5.205308] scsi 2:0:1:0: Direct-Access     VBOX     HARDDISK         1.0  PQ: 0 ANSI: 5
[    5.552213] scsi target2:0:1: Beginning Domain Validation
[    5.565027] random: fast init done
[    5.691360] scsi target2:0:1: Domain Validation skipping write tests
[    5.694299] scsi target2:0:1: Ending Domain Validation
[    5.696874] scsi target2:0:1: asynchronous
[    5.708444] sd 2:0:0:0: Attached scsi generic sg0 type 0
[    5.710241] sd 2:0:0:0: [sda] 20971520 512-byte logical blocks: (10.7 GB/10.0 GiB)
[    5.711184] sd 2:0:1:0: Attached scsi generic sg1 type 0
[    5.714432] sd 2:0:0:0: [sda] Write Protect is off
[    5.725593] random: systemd-udevd: uninitialized urandom read (16 bytes read)
[    5.728825] e1000 0000:00:03.0 eth0: (PCI:33MHz:32-bit) 02:58:b4:75:71:38
[    5.731655] sd 2:0:1:0: [sdb] 20480 512-byte logical blocks: (10.5 MB/10.0 MiB)
[    5.734136] e1000 0000:00:03.0 eth0: Intel(R) PRO/1000 Network Connection
[    5.737509] random: systemd-udevd: uninitialized urandom read (16 bytes read)
[    5.742877] sd 2:0:1:0: [sdb] Write Protect is off
[    5.743510] random: systemd-udevd: uninitialized urandom read (16 bytes read)
[    5.748907] sd 2:0:0:0: [sda] Incomplete mode parameter data
[    5.750058] sd 2:0:1:0: [sdb] Incomplete mode parameter data
[    5.751425] sd 2:0:0:0: [sda] Assuming drive cache: write through
[    5.753948] sd 2:0:1:0: [sdb] Assuming drive cache: write through
[    5.759988]  sda: sda1
[    5.762404] sd 2:0:1:0: [sdb] Attached SCSI disk
[    5.768559] sd 2:0:0:0: [sda] Attached SCSI disk
[    6.197707] e1000 0000:00:08.0 eth1: (PCI:33MHz:32-bit) 08:00:27:ed:da:42
[    6.231203] e1000 0000:00:08.0 eth1: Intel(R) PRO/1000 Network Connection
[    6.240984] e1000 0000:00:08.0 enp0s8: renamed from eth1
[    6.256245] e1000 0000:00:03.0 enp0s3: renamed from eth0
Begin: Loading essential drivers ... [    8.332066] raid6: sse2x1   gen()  2688 MB/s
[    8.384809] raid6: sse2x1   xor()  1739 MB/s
[    8.432617] raid6: sse2x2   gen()  6175 MB/s
[    8.480491] raid6: sse2x2   xor()  2840 MB/s
[    8.528297] raid6: sse2x4   gen()  6573 MB/s
[    8.576323] raid6: sse2x4   xor()  3625 MB/s
[    8.632277] raid6: avx2x1   gen()  2931 MB/s
[    8.689732] raid6: avx2x1   xor()  1859 MB/s
[    8.750882] raid6: avx2x2   gen()  4987 MB/s
[    8.800125] raid6: avx2x2   xor()  2378 MB/s
[    8.849260] raid6: avx2x4   gen()  6206 MB/s
[    8.900568] raid6: avx2x4   xor()  3557 MB/s
[    8.904014] raid6: using algorithm sse2x4 gen() 6573 MB/s
[    8.910919] raid6: .... xor() 3625 MB/s, rmw enabled
[    8.915745] raid6: using avx2x2 recovery algorithm
[    8.927606] xor: automatically using best checksumming function   avx       
[    8.941130] async_tx: api initialized (async)
done.
Begin: Running /scripts/init-premount ... done.
Begin: Mounting root file system ... Begin: Running /scripts/local-top ... done.
Begin: Running /scripts/local-premount ... [    9.118325] Btrfs loaded, crc32c=crc32c-intel
Scanning for Btrfs filesystems
done.
Warning: fsck not present, so skipping root file system
[    9.188846] EXT4-fs (sda1): mounted filesystem with ordered data mode. Opts: (null)
done.
Begin: Running /scripts/local-bottom ... done.
Begin: Running /scripts/init-bottom ... done.
[    9.497024] ip_tables: (C) 2000-2006 Netfilter Core Team
[   10.077847] systemd[1]: systemd 237 running in system mode. (+PAM +AUDIT +SELINUX +IMA +APPARMOR +SMACK +SYSVINIT +UTMP +LIBCRYPTSETUP +GCRYPT +GNUTLS +ACL +XZ +LZ4 +SECCOMP +BLKID +ELFUTILS +KMOD -IDN2 +IDN -PCRE2 default-hierarchy=hybrid)
[   10.088704] systemd[1]: Detected virtualization oracle.
[   10.090543] systemd[1]: Detected architecture x86-64.

Welcome to [1mUbuntu 18.04.3 LTS[0m!

[   10.128762] systemd[1]: Set hostname to <ubuntu-bionic>.
[   10.564090] systemd[1]: Reached target Swap.
[[0;32m  OK  [0m] Reached target Swap.
[   10.568274] systemd[1]: Reached target System Time Synchronized.
[[0;32m  OK  [0m] Reached target System Time Synchronized.
[   10.572512] systemd[1]: Set up automount Arbitrary Executable File Formats File System Automount Point.
[[0;32m  OK  [0m] Set up automount Arbitrary Executabâ€¦rmats File System Automount Point.
[   10.577975] systemd[1]: Reached target User and Group Name Lookups.
[[0;32m  OK  [0m] Reached target User and Group Name Lookups.
[   10.583456] systemd[1]: Started Forward Password Requests to Wall Directory Watch.
[[0;32m  OK  [0m] Started Forward Password Requests to Wall Directory Watch.
[   10.592541] systemd[1]: Created slice System Slice.
[[0;32m  OK  [0m] Created slice System Slice.
[[0;32m  OK  [0m] Listening on Network Service Netlink Socket.
[[0;32m  OK  [0m] Listening on LVM2 poll daemon socket.
[[0;32m  OK  [0m] Listening on Syslog Socket.
[[0;32m  OK  [0m] Listening on Journal Audit Socket.
[[0;32m  OK  [0m] Listening on udev Kernel Socket.
[[0;32m  OK  [0m] Listening on udev Control Socket.
[[0;32m  OK  [0m] Listening on Device-mapper event daemon FIFOs.
[[0;32m  OK  [0m] Listening on Journal Socket (/dev/log).
[[0;32m  OK  [0m] Created slice system-serial\x2dgetty.slice.
[[0;32m  OK  [0m] Created slice User and Session Slice.
[[0;32m  OK  [0m] Reached target Slices.
[[0;32m  OK  [0m] Listening on Journal Socket.
         Starting udev Coldplug all Devices...
         Mounting Huge Pages File System...
         Starting Load Kernel Modules...
         Mounting Kernel Debug File System...
         Starting Create list of required stâ€¦ce nodes for the current kernel...
         Starting Remount Root and Kernel File Systems...
         Starting Journal Service...
         Starting Set the console keyboard layout...
         Starting Uncomplicated firewall...
[[0;32m  OK  [0m] Listening on LVM2 metadata daemon socket.
         Starting Monitoring of LVM2 mirrorsâ€¦ng dmeventd or progress polling...
         Mounting POSIX Message Queue File System...[   10.953782] Loading iSCSI transport class v2.0-870.

[[0;32m  OK  [0m] Listening on /dev/initctl Compatibility Named Pipe.
[[0;32m  OK  [0m] Mounted Huge Pages File System.
[[0;32m  OK  [0m] Mounted Kernel Debug File System.
[[0;32m  OK  [0m] Mounted POSIX Message Queue File System.
[[0;32m  OK  [0m] Started Create list of required staâ€¦vice nodes for the current kernel.
         Starting Create Static Device Nodes in /dev...
[[0;32m  OK  [0m] Started Uncomplicated firewall.
[[0;32m  OK  [0m] Started udev Coldplug all Devices.
[[0;32m  OK  [0m] Started LVM2 metadata daemon.
[   11.058324] EXT4-fs (sda1): re-mounted. Opts: (null)
[[0;32m  OK  [0m] Started Remount Root and Kernel File Systems.
         Starting Load/Save Random Seed...
[[0;32m  OK  [0m] Started Create Static Device Nodes in /dev.
[[0;32m  OK  [0m] Started Load/Save Random Seed.
[   11.152864] iscsi: registered transport (tcp)
         Starting udev Kernel Device Manager...
[[0;32m  OK  [0m] Started Journal Service.
         Starting Flush Journal to Persistent Storage...
[[0;32m  OK  [0m] Started Monitoring of LVM2 mirrors,â€¦sing dmeventd or progress polling.
[   11.211666] systemd-journald[398]: Received request to flush runtime journal from PID 1
[[0;32m  OK  [0m] Started udev Kernel Device Manager.
[   11.262811] random: crng init done
[   11.270867] random: 7 urandom warning(s) missed due to ratelimiting
[   11.311552] iscsi: registered transport (iser)
[[0;32m  OK  [0m] Started Load Kernel Modules.
         Mounting Kernel Configuration File System...
         Mounting FUSE Control File System...
         Starting Apply Kernel Variables...
[[0;32m  OK  [0m] Mounted Kernel Configuration File System.
[[0;32m  OK  [0m] Mounted FUSE Control File System.
[[0;32m  OK  [0m] Started Apply Kernel Variables.
[[0;32m  OK  [0m] Started Flush Journal to Persistent Storage.
[[0;32m  OK  [0m] Found device /dev/ttyS0.
[[0;32m  OK  [0m] Listening on Load/Save RF Kill Switch Status /dev/rfkill Watch.
[[0;32m  OK  [0m] Started Set the console keyboard layout.
[[0;32m  OK  [0m] Started Dispatch Password Requests to Console Directory Watch.
[[0;32m  OK  [0m] Reached target Local Encrypted Volumes.
[[0;32m  OK  [0m] Reached target Local File Systems (Pre).
[[0;32m  OK  [0m] Reached target Local File Systems.
         Starting AppArmor initialization...
         Starting Create Volatile Files and Directories...
         Starting Set console font and keymap...
         Starting ebtables ruleset management...
         Starting Tell Plymouth To Write Out Runtime Data...
[[0;32m  OK  [0m] Started Set console font and keymap.
[[0;32m  OK  [0m] Started Create Volatile Files and Directories.
[[0;32m  OK  [0m] Started Tell Plymouth To Write Out Runtime Data.
         Starting Update UTMP about System Boot/Shutdown...
[[0;32m  OK  [0m] Started Update UTMP about System Boot/Shutdown.
[[0;32m  OK  [0m] Started ebtables ruleset management.
[[0;32m  OK  [0m] Started AppArmor initialization.
         Starting Initial cloud-init job (pre-networking)...
[   16.192333] cloud-init[664]: Cloud-init v. 19.2-24-ge7881d5c-0ubuntu1~18.04.1 running 'init-local' at Sat, 21 Sep 2019 21:18:46 +0000. Up 15.81 seconds.
[[0;32m  OK  [0m] Started Initial cloud-init job (pre-networking).
[[0;32m  OK  [0m] Reached target Network (Pre).
         Starting Network Service...
[[0;32m  OK  [0m] Started Network Service.
         Starting Wait for Network to be Configured...
         Starting Network Name Resolution...
[[0;32m  OK  [0m] Started Network Name Resolution.
[[0;32m  OK  [0m] Reached target Network.
[[0;32m  OK  [0m] Reached target Host and Network Name Lookups.
[[0;32m  OK  [0m] Started Wait for Network to be Configured.
         Starting Initial cloud-init job (metadata service crawler)...
[   19.513267] cloud-init[772]: Cloud-init v. 19.2-24-ge7881d5c-0ubuntu1~18.04.1 running 'init' at Sat, 21 Sep 2019 21:18:49 +0000. Up 19.18 seconds.
[   19.517100] cloud-init[772]: ci-info: ++++++++++++++++++++++++++++++++++++++Net device info+++++++++++++++++++++++++++++++++++++++
[   19.520711] cloud-init[772]: ci-info: +--------+------+-----------------------------+---------------+--------+-------------------+
[   19.525014] cloud-init[772]: ci-info: | Device |  Up  |           Address           |      Mask     | Scope  |     Hw-Address    |
[   19.534805] cloud-init[772]: ci-info: +--------+------+-----------------------------+---------------+--------+-------------------+
[   19.567814] cloud-init[772]: ci-info: | enp0s3 | True |          10.0.2.15          | 255.255.255.0 | global | 02:58:b4:75:71:38 |
[   19.572793] cloud-init[772]: ci-info: | enp0s3 | True |  fe80::58:b4ff:fe75:7138/64 |       .       |  link  | 02:58:b4:75:71:38 |
[   19.575888] cloud-init[772]: ci-info: | enp0s8 | True |        192.168.33.10        | 255.255.255.0 | global | 08:00:27:ed:da:42 |
[   19.581053] cloud-init[772]: ci-info: | enp0s8 | True | fe80::a00:27ff:feed:da42/64 |       .       |  link  | 08:00:27:ed:da:42 |
[   19.584265] cloud-init[772]: ci-info: |   lo   | True |          127.0.0.1          |   255.0.0.0   |  host  |         .         |
[   19.590819] cloud-init[772]: ci-info: |   lo   | True |           ::1/128           |       .       |  host  |         .         |
[   19.596238] cloud-init[772]: ci-info: +--------+------+-----------------------------+---------------+--------+-------------------+
[   19.608438] cloud-init[772]: ci-info: +++++++++++++++++++++++++++++Route IPv4 info+++++++++++++++++++++++++++++
[   19.613278] cloud-init[772]: ci-info: +-------+--------------+----------+-----------------+-----------+-------+
[   19.615999] cloud-init[772]: ci-info: | Route | Destination  | Gateway  |     Genmask     | Interface | Flags |
[   19.618700] cloud-init[772]: ci-info: +-------+--------------+----------+-----------------+-----------+-------+
[   19.631381] cloud-init[772]: ci-info: |   0   |   0.0.0.0    | 10.0.2.2 |     0.0.0.0     |   enp0s3  |   UG  |
[   19.634188] cloud-init[772]: ci-info: |   1   |   10.0.2.0   | 0.0.0.0  |  255.255.255.0  |   enp0s3  |   U   |
[   19.637428] cloud-init[772]: ci-info: |   2   |   10.0.2.2   | 0.0.0.0  | 255.255.255.255 |   enp0s3  |   UH  |
[   19.640831] cloud-init[772]: ci-info: |   3   | 192.168.33.0 | 0.0.0.0  |  255.255.255.0  |   enp0s8  |   U   |
[   19.645727] cloud-init[772]: ci-info: +-------+--------------+----------+-----------------+-----------+-------+
[   19.664417] cloud-init[772]: ci-info: +++++++++++++++++++Route IPv6 info+++++++++++++++++++
[   19.669021] cloud-init[772]: ci-info: +-------+-------------+---------+-----------+-------+
[   19.672528] cloud-init[772]: ci-info: | Route | Destination | Gateway | Interface | Flags |
[   19.676107] cloud-init[772]: ci-info: +-------+-------------+---------+-----------+-------+
[   19.679889] cloud-init[772]: ci-info: |   1   |  fe80::/64  |    ::   |   enp0s8  |   U   |
[   19.683347] cloud-init[772]: ci-info: |   2   |  fe80::/64  |    ::   |   enp0s3  |   U   |
[   19.686901] cloud-init[772]: ci-info: |   4   |    local    |    ::   |   enp0s3  |   U   |
[   19.690189] cloud-init[772]: ci-info: |   5   |    local    |    ::   |   enp0s8  |   U   |
[   19.695407] cloud-init[772]: ci-info: |   6   |   ff00::/8  |    ::   |   enp0s8  |   U   |
[   19.700289] cloud-init[772]: ci-info: |   7   |   ff00::/8  |    ::   |   enp0s3  |   U   |
[   19.711656] cloud-init[772]: ci-info: +-------+-------------+---------+-----------+-------+
[[0;32m  OK  [0m] Started Initial cloud-init job (metadata service crawler).
[[0;32m  OK  [0m] Reached target System Initialization.
         Starting LXD - unix socket.
[[0;32m  OK  [0m] Listening on Open-iSCSI iscsid Socket.
[[0;32m  OK  [0m] Listening on UUID daemon activation socket.
         Starting Socket activation for snappy daemon.
[[0;32m  OK  [0m] Started ACPI Events Check.
[[0;32m  OK  [0m] Reached target Paths.
[[0;32m  OK  [0m] Started Discard unused blocks once a week.
[[0;32m  OK  [0m] Listening on ACPID Listen Socket.
[[0;32m  OK  [0m] Started Daily apt download activities.
[[0;32m  OK  [0m] Started Daily apt upgrade and clean activities.
[[0;32m  OK  [0m] Listening on D-Bus System Message Bus Socket.
         Starting Docker Socket for the API.
[[0;32m  OK  [0m] Started Daily Cleanup of Temporary Directories.
[[0;32m  OK  [0m] Started Message of the Day.
[[0;32m  OK  [0m] Reached target Timers.
[[0;32m  OK  [0m] Reached target Cloud-config availability.
[[0;32m  OK  [0m] Reached target Network is Online.
[[0;32m  OK  [0m] Reached target Remote File Systems (Pre).
[[0;32m  OK  [0m] Reached target Remote File Systems.
         Starting Availability of block devices...
[[0;32m  OK  [0m] Listening on LXD - unix socket.
[[0;32m  OK  [0m] Listening on Socket activation for snappy daemon.
[[0;32m  OK  [0m] Listening on Docker Socket for the API.
[[0;32m  OK  [0m] Started Availability of block devices.
[[0;32m  OK  [0m] Reached target Sockets.
[[0;32m  OK  [0m] Reached target Basic System.
         Starting System Logging Service...
         Starting LSB: automatic crash report generation...
         Starting Virtualbox guest utils...
[[0;32m  OK  [0m] Started FUSE filesystem for LXC.
         Starting LXD - container startup/shutdown...
         Starting OpenBSD Secure Shell server...
[[0;32m  OK  [0m] Started D-Bus System Message Bus.
         Starting Permit User Sessions...
         Starting Login Service...
         Starting Accounts Service...
         Starting LSB: Record successful boot for GRUB...
         Starting Dispatcher daemon for systemd-networkd...
         Starting Snappy daemon...
[[0;32m  OK  [0m] Started irqbalance daemon.
[[0;32m  OK  [0m] Started Deferred execution scheduler.
         Starting containerd container runtime...
[[0;32m  OK  [0m] Started Regular background program processing daemon.
[[0;32m  OK  [0m] Started System Logging Service.
[[0;32m  OK  [0m] Started LXD - container startup/shutdown.
[[0;32m  OK  [0m] Started Permit User Sessions.
[[0;32m  OK  [0m] Started containerd container runtime.
[[0;32m  OK  [0m] Started OpenBSD Secure Shell server.
         Starting Docker Application Container Engine...
         Starting Hold until boot process finishes up...
         Starting Terminate Plymouth Boot Screen...
[[0;32m  OK  [0m] Started Hold until boot process finishes up.
[[0;32m  OK  [0m] Started Serial Getty on ttyS0.
         Starting Set console scheme...
[[0;32m  OK  [0m] Started Terminate Plymouth Boot Screen.
[[0;32m  OK  [0m] Started Set console scheme.
[[0;32m  OK  [0m] Created slice system-getty.slice.
[[0;32m  OK  [0m] Started Getty on tty1.
[[0;32m  OK  [0m] Reached target Login Prompts.
         Starting Authorization Manager...
[[0;32m  OK  [0m] Started LSB: automatic crash report generation.
[[0;32m  OK  [0m] Started Login Service.
[[0;32m  OK  [0m] Started Unattended Upgrades Shutdown.
[[0;32m  OK  [0m] Started LSB: Record successful boot for GRUB.
[[0;32m  OK  [0m] Started Authorization Manager.
[[0;32m  OK  [0m] Started Accounts Service.
[[0;32m  OK  [0m] Started Virtualbox guest utils.
[[0;32m  OK  [0m] Started Snappy daemon.
         Starting Wait until snapd is fully seeded...
[[0;32m  OK  [0m] Started Wait until snapd is fully seeded.
         Starting Apply the settings specified in cloud-config...
[[0;32m  OK  [0m] Started Dispatcher daemon for systemd-networkd.
[[0;32m  OK  [0m] Created slice User Slice of vagrant.
         Starting User Manager for UID 1000...
[[0;32m  OK  [0m] Started Session 1 of user vagrant.
[[0;32m  OK  [0m] Started User Manager for UID 1000.
[   23.975269] cloud-init[1170]: Cloud-init v. 19.2-24-ge7881d5c-0ubuntu1~18.04.1 running 'modules:config' at Sat, 21 Sep 2019 21:18:54 +0000. Up 23.66 seconds.
[[0;32m  OK  [0m] Started Apply the settings specified in cloud-config.

Ubuntu 18.04.3 LTS ubuntu-bionic ttyS0

ubuntu-bionic login: [   27.401050] cloud-init[1563]: Cloud-init v. 19.2-24-ge7881d5c-0ubuntu1~18.04.1 running 'modules:final' at Sat, 21 Sep 2019 21:18:57 +0000. Up 27.15 seconds.
[   27.405765] cloud-init[1563]: Cloud-init v. 19.2-24-ge7881d5c-0ubuntu1~18.04.1 finished at Sat, 21 Sep 2019 21:18:57 +0000. Datasource DataSourceNoCloud [seed=/dev/sdb][dsmode=net].  Up 27.38 seconds
         Stopping Session 3 of user vagrant.
         Stopping User Manager for UID 1000...
[[0;32m  OK  [0m] Stopped target Timers.
[[0;32m  OK  [0m] Stopped Daily apt upgrade and clean activities.
[[0;32m  OK  [0m] Stopped Daily Cleanup of Temporary Directories.
[[0;32m  OK  [0m] Stopped Message of the Day.
[[0;32m  OK  [0m] Stopped target Host and Network Name Lookups.
[[0;32m  OK  [0m] Stopped Discard unused blocks once a week.
[         Stopping LXD - container startup/shutdown...
         Stopping LSB: Record successful boot for GRUB...
         Stopping Unattended Upgrades Shutdown...
         Stopping D-Bus System Message Bus...
         Stopping LSB: automatic crash report generation...
         Stopping Deferred execution scheduler...
         Stopping Docker Application Container Engine...
         Stopping System Logging Service...
         Stopping OpenBSD Secure Shell server...
         Stopping Dispatcher daemon for systemd-networkd...
         Stopping Getty on tty1...
[[0;32m  OK  [0m] Stopped Wait until snapd is fully seeded.
[[0;32m  OK  [0m] Unmounted /var/lib/lxcfs.
[[0;32m  OK  [0m] Stopped System Logging Service.
[[0;32m  OK  [0m] Stopped Accounts Service.
[[0;32m  OK  [0m] Stopped Dispatcher daemon for systemd-networkd.
[[0;32m  OK  [0m] Stopped irqbalance daemon.
[[0;32m  OK  [0m] Stopped Deferred execution scheduler.
[[0;32m  OK  [0m] Stopped Regular background program processing daemon.
[[0;32m  OK  [0m] Stopped OpenBSD Secure Shell server.
[[0;32m  OK  [0m] Stopped Docker Application Container Engine.
[[0;32m  OK  [0m] Stopped Serial Getty on ttyS0.
[[0;32m  OK  [0m] Stopped Getty on tty1.
[[0;32m  OK  [0m] Stopped Authorization Manager.
[[0;32m  OK  [0m] Stopped Unattended Upgrades Shutdown.
[[0;32m  OK  [0m] Stopped User Manager for UID 1000.
[[0;32m  OK  [0m] Stopped Availability of block devices.
[[0;32m  OK  [0m] Stopped D-Bus System Message Bus.
[[0;32m  OK  [0m] Stopped FUSE filesystem for LXC.
[[0;32m  OK  [0m] Stopped Session 3 of user vagrant.
[[0;32m  OK  [0m] Removed slice User Slice of vagrant.
         Stopping Login Service...
[[0;32m  OK  [0m] Removed slice system-getty.slice.
[[0;32m  OK  [0m] Removed slice system-serial\x2dgetty.slice.
         Stopping Permit User Sessions...
         Stopping containerd container runtime...
[[0;32m  OK  [0m] Stopped target Network is Online.
[[0;32m  OK  [0m] Stopped LXD - container startup/shutdown.
[[0;32m  OK  [0m] Stopped LSB: Record successful boot for GRUB.
[[0;32m  OK  [0m] Stopped LSB: automatic crash report generation.
[[0;32m  OK  [0m] Stopped containerd container runtime.
[[0;32m  OK  [0m] Stopped Permit User Sessions.
[[0;32m  OK  [0m] Stopped Login Service.
[[0;32m  OK  [0m] Stopped target User and Group Name Lookups.
[[0;32m  OK  [0m] Stopped target Network.
         Stopping Network Name Resolution...
[[0;32m  OK  [0m] Stopped target Remote File Systems.
[[0;32m  OK  [0m] Stopped target Remote File Systems (Pre).
[[0;32m  OK  [0m] Stopped Network Name Resolution.
         Stopping Network Service...
[[0;32m  OK  [0m] Stopped Virtualbox guest utils.
[[0;32m  OK  [0m] Stopped target Basic System.
[[0;32m  OK  [0m] Stopped target Paths.
[[0;32m  OK  [0m] Stopped ACPI Events Check.
[[0;32m  OK  [0m] Stopped target Slices.
[[0;32m  OK  [0m] Removed slice User and Session Slice.
[[0;32m  OK  [0m] Stopped target Sockets.
[[0;32m  OK  [0m] Closed Syslog Socket.
[[0;32m  OK  [0m] Closed Docker Socket for the API.
[[0;32m  OK  [0m] Closed D-Bus System Message Bus Socket.
[[0;32m  OK  [0m] Closed UUID daemon activation socket.
[[0;32m  OK  [0m] Closed Open-iSCSI iscsid Socket.
[[0;32m  OK  [0m] Closed Socket activation for snappy daemon.
[[0;32m  OK  [0m] Closed ACPID Listen Socket.
[[0;32m  OK  [0m] Closed LXD - unix socket.
[[0;32m  OK  [0m] Stopped target System Initialization.
[[0;32m  OK  [0m] Stopped target Local Encrypted Volumes.
[[0;32m  OK  [0m] Stopped Forward Password Requests to Wall Directory Watch.
[[0;32m  OK  [0m] Stopped Dispatch Password Requests to Console Directory Watch.
[[0;32m  OK  [0m] Stopped Initial cloud-init job (metadata service crawler).
         Stopping Update UTMP about System Boot/Shutdown...
         Stopping Load/Save Random Seed...
[[0;32m  OK  [0m] Stopped Network Service.
[[0;32m  OK  [0m] Stopped target Network (Pre).
[[0;32m  OK  [0m] Stopped Initial cloud-init job (pre-networking).
[[0;32m  OK  [0m] Stopped Apply Kernel Variables.
[[0;32m  OK  [0m] Stopped Load Kernel Modules.
[[0;32m  OK  [0m] Stopped Load/Save Random Seed.
[[0;32m  OK  [0m] Stopped Update UTMP about System Boot/Shutdown.
[[0;32m  OK  [0m] Stopped Create Volatile Files and Directories.
[[0;32m  OK  [0m] Stopped target Local File Systems.
         Unmounting /vagrant...
         Unmounting /run/user/1000...
[[0;32m  OK  [0m] Unmounted /vagrant.
[[0;32m  OK  [0m] Unmounted /run/user/1000.
[[0;32m  OK  [0m] Reached target Unmount All Filesystems.
[[0;32m  OK  [0m] Stopped target Swap.
[[0;32m  OK  [0m] Stopped target Local File Systems (Pre).
[[0;32m  OK  [0m] Stopped Create Static Device Nodes in /dev.
[[0;32m  OK  [0m] Stopped Remount Root and Kernel File Systems.
[[0;32m  OK  [0m] Reached target Shutdown.
[[0;32m  OK  [0m] Reached target Final Step.
         Starting Power-Off...
         Stopping Monitoring of LVM2 mirrorsâ€¦ng dmeventd or progress polling...
[ 3616.681944] reboot: Power down
